
> pfe-front@0.0.0 test
> ng test --watch=false --browsers=ChromeHeadless --include=src/app/core/utils/ml-payload.validator.spec.ts --include=src/app/core/services/predictive-api.service.spec.ts --include=src/app/pages/ml-integration/ml-integration.component.spec.ts --include=src/app/pages/predictive-dashboard/predictive-dashboard.component.spec.ts --include=src/app/app.component.spec.ts

npm : - Generating browser application bundles (phase: setup)...
At line:1 char:93
+ ... g -Force }; npm run test -- --watch=false --browsers=ChromeHeadless - ...
+                 ~~~~~~~~~~~~~~~~~~~~~~~~~~~~~~~~~~~~~~~~~~~~~~~~~~~~~~~~~
    + CategoryInfo          : NotSpecified: (- Generating br...hase: setup)... 
   :String) [], RemoteException
    + FullyQualifiedErrorId : NativeCommandError
 
Ô£ö Browser application bundle generation complete.

Error: src/app/core/services/predictive-api.service.ts:152:48 - error TS4111: 
Property 'requiredParts' comes from an index signature, so it must be accessed 
with ['requiredParts'].

152     const requiredPartsRaw = Array.isArray(raw.requiredParts) ? 
raw.requiredParts : [];
                                                   ~~~~~~~~~~~~~


Error: src/app/core/services/predictive-api.service.ts:152:69 - error TS4111: 
Property 'requiredParts' comes from an index signature, so it must be accessed 
with ['requiredParts'].

152     const requiredPartsRaw = Array.isArray(raw.requiredParts) ? 
raw.requiredParts : [];
                                                                        
~~~~~~~~~~~~~


Error: src/app/core/services/predictive-api.service.ts:155:22 - error TS4111: 
Property 'id' comes from an index signature, so it must be accessed with 
['id'].

155       id: Number(raw.id ?? 0),
                         ~~


Error: src/app/core/services/predictive-api.service.ts:156:29 - error TS4111: 
Property 'machineId' comes from an index signature, so it must be accessed 
with ['machineId'].

156       machineId: Number(raw.machineId ?? 0),
                                ~~~~~~~~~


Error: src/app/core/services/predictive-api.service.ts:157:31 - error TS4111: 
Property 'machineName' comes from an index signature, so it must be accessed 
with ['machineName'].

157       machineName: String(raw.machineName ?? ''),
                                  ~~~~~~~~~~~


Error: src/app/core/services/predictive-api.service.ts:158:38 - error TS4111: 
Property 'currentSensorState' comes from an index signature, so it must be 
accessed with ['currentSensorState'].

158       currentSensorState: String(raw.currentSensorState ?? ''),
                                         ~~~~~~~~~~~~~~~~~~


Error: src/app/core/services/predictive-api.service.ts:159:40 - error TS4111: 
Property 'predictedFailureDays' comes from an index signature, so it must be 
accessed with ['predictedFailureDays'].

159       predictedFailureDays: Number(raw.predictedFailureDays ?? 0),
                                           ~~~~~~~~~~~~~~~~~~~~


Error: src/app/core/services/predictive-api.service.ts:160:24 - error TS4111: 
Property 'risk' comes from an index signature, so it must be accessed with 
['risk'].

160       risk: Number(raw.risk ?? 0),
                           ~~~~


Error: src/app/core/services/predictive-api.service.ts:164:34 - error TS4111: 
Property 'partId' comes from an index signature, so it must be accessed with 
['partId'].

164           partId: Number(rawPart.partId ?? 0),
                                     ~~~~~~


Error: src/app/core/services/predictive-api.service.ts:165:36 - error TS4111: 
Property 'partName' comes from an index signature, so it must be accessed with 
['partName'].

165           partName: String(rawPart.partName ?? ''),
                                       ~~~~~~~~


Error: src/app/core/services/predictive-api.service.ts:166:42 - error TS4111: 
Property 'quantityNeeded' comes from an index signature, so it must be 
accessed with ['quantityNeeded'].

166           quantityNeeded: Number(rawPart.quantityNeeded ?? 0),
                                             ~~~~~~~~~~~~~~


Error: src/app/core/services/predictive-api.service.ts:167:40 - error TS4111: 
Property 'currentStock' comes from an index signature, so it must be accessed 
with ['currentStock'].

167           currentStock: Number(rawPart.currentStock ?? 0),
                                           ~~~~~~~~~~~~


Error: src/app/core/services/predictive-api.service.ts:168:40 - error TS4111: 
Property 'minimumStock' comes from an index signature, so it must be accessed 
with ['minimumStock'].

168           minimumStock: Number(rawPart.minimumStock ?? 0),
                                           ~~~~~~~~~~~~


Error: src/app/core/services/predictive-api.service.ts:171:37 - error TS4111: 
Property 'recommendedAction' comes from an index signature, so it must be 
accessed with ['recommendedAction'].

171       recommendedAction: String(raw.recommendedAction ?? ''),
                                        ~~~~~~~~~~~~~~~~~


Error: src/app/core/services/predictive-api.service.ts:172:33 - error TS4111: 
Property 'estimatedCost' comes from an index signature, so it must be accessed 
with ['estimatedCost'].

172       estimatedCost: Number(raw.estimatedCost ?? 0),
                                    ~~~~~~~~~~~~~


Error: src/app/core/services/predictive-api.service.ts:173:29 - error TS4111: 
Property 'createdAt' comes from an index signature, so it must be accessed 
with ['createdAt'].

173       createdAt: String(raw.createdAt ?? ''),
                                ~~~~~~~~~


Error: src/app/core/services/predictive-api.service.ts:179:31 - error TS4111: 
Property 'sensor' comes from an index signature, so it must be accessed with 
['sensor'].

179     const nestedSensor = (raw.sensor && typeof raw.sensor === 'object' && 
!Array.isArray(raw.sensor))
                                  ~~~~~~


Error: src/app/core/services/predictive-api.service.ts:179:52 - error TS4111: 
Property 'sensor' comes from an index signature, so it must be accessed with 
['sensor'].

179     const nestedSensor = (raw.sensor && typeof raw.sensor === 'object' && 
!Array.isArray(raw.sensor))
                                                       ~~~~~~


Error: src/app/core/services/predictive-api.service.ts:179:94 - error TS4111: 
Property 'sensor' comes from an index signature, so it must be accessed with 
['sensor'].

179     const nestedSensor = (raw.sensor && typeof raw.sensor === 'object' && 
!Array.isArray(raw.sensor))
                                                                               
                  ~~~~~~


Error: src/app/core/services/predictive-api.service.ts:180:14 - error TS4111: 
Property 'sensor' comes from an index signature, so it must be accessed with 
['sensor'].

180       ? (raw.sensor as Record<string, unknown>)
                 ~~~~~~


Error: src/app/core/services/predictive-api.service.ts:183:30 - error TS4111: 
Property 'machineId' comes from an index signature, so it must be accessed 
with ['machineId'].

183     const machineIdRaw = raw.machineId ?? raw.machine_id;
                                 ~~~~~~~~~


Error: src/app/core/services/predictive-api.service.ts:183:47 - error TS4111: 
Property 'machine_id' comes from an index signature, so it must be accessed 
with ['machine_id'].

183     const machineIdRaw = raw.machineId ?? raw.machine_id;
                                                  ~~~~~~~~~~


Error: src/app/core/services/predictive-api.service.ts:184:26 - error TS4111: 
Property 'value' comes from an index signature, so it must be accessed with 
['value'].

184     const valueRaw = raw.value ?? raw.readingValue ?? raw.lastReading ?? 
raw.sensorValue;
                             ~~~~~


Error: src/app/core/services/predictive-api.service.ts:184:39 - error TS4111: 
Property 'readingValue' comes from an index signature, so it must be accessed 
with ['readingValue'].

184     const valueRaw = raw.value ?? raw.readingValue ?? raw.lastReading ?? 
raw.sensorValue;
                                          ~~~~~~~~~~~~


Error: src/app/core/services/predictive-api.service.ts:184:59 - error TS4111: 
Property 'lastReading' comes from an index signature, so it must be accessed 
with ['lastReading'].

184     const valueRaw = raw.value ?? raw.readingValue ?? raw.lastReading ?? 
raw.sensorValue;
                                                              ~~~~~~~~~~~


Error: src/app/core/services/predictive-api.service.ts:184:78 - error TS4111: 
Property 'sensorValue' comes from an index signature, so it must be accessed 
with ['sensorValue'].

184     const valueRaw = raw.value ?? raw.readingValue ?? raw.lastReading ?? 
raw.sensorValue;
                                                                               
  ~~~~~~~~~~~


Error: src/app/core/services/predictive-api.service.ts:185:28 - error TS4111: 
Property 'isAnomaly' comes from an index signature, so it must be accessed 
with ['isAnomaly'].

185     const anomalyRaw = raw.isAnomaly ?? raw.anomaly;
                               ~~~~~~~~~


Error: src/app/core/services/predictive-api.service.ts:185:45 - error TS4111: 
Property 'anomaly' comes from an index signature, so it must be accessed with 
['anomaly'].

185     const anomalyRaw = raw.isAnomaly ?? raw.anomaly;
                                                ~~~~~~~


Error: src/app/core/services/predictive-api.service.ts:188:16 - error TS4111: 
Property 'id' comes from an index signature, so it must be accessed with 
['id'].

188       id: (raw.id as number | string | undefined) ?? undefined,
                   ~~


Error: src/app/core/services/predictive-api.service.ts:189:29 - error TS4111: 
Property 'timestamp' comes from an index signature, so it must be accessed 
with ['timestamp'].

189       timestamp: String(raw.timestamp ?? raw.createdAt ?? raw.readingTime 
?? ''),
                                ~~~~~~~~~


Error: src/app/core/services/predictive-api.service.ts:189:46 - error TS4111: 
Property 'createdAt' comes from an index signature, so it must be accessed 
with ['createdAt'].

189       timestamp: String(raw.timestamp ?? raw.createdAt ?? raw.readingTime 
?? ''),
                                                 ~~~~~~~~~


Error: src/app/core/services/predictive-api.service.ts:189:63 - error TS4111: 
Property 'readingTime' comes from an index signature, so it must be accessed 
with ['readingTime'].

189       timestamp: String(raw.timestamp ?? raw.createdAt ?? raw.readingTime 
?? ''),
                                                                  ~~~~~~~~~~~


Error: src/app/core/services/predictive-api.service.ts:191:30 - error TS4111: 
Property 'sensorCode' comes from an index signature, so it must be accessed 
with ['sensorCode'].

191       sensorCode: String(raw.sensorCode ?? nestedSensor.code ?? raw.code 
?? ''),
                                 ~~~~~~~~~~


Error: src/app/core/services/predictive-api.service.ts:191:57 - error TS4111: 
Property 'code' comes from an index signature, so it must be accessed with 
['code'].

191       sensorCode: String(raw.sensorCode ?? nestedSensor.code ?? raw.code 
?? ''),
                                                            ~~~~


Error: src/app/core/services/predictive-api.service.ts:191:69 - error TS4111: 
Property 'code' comes from an index signature, so it must be accessed with 
['code'].

191       sensorCode: String(raw.sensorCode ?? nestedSensor.code ?? raw.code 
?? ''),
                                                                        ~~~~


Error: src/app/core/services/predictive-api.service.ts:192:30 - error TS4111: 
Property 'sensorName' comes from an index signature, so it must be accessed 
with ['sensorName'].

192       sensorName: String(raw.sensorName ?? nestedSensor.name ?? raw.name 
?? raw.sensorCode ?? ''),
                                 ~~~~~~~~~~


Error: src/app/core/services/predictive-api.service.ts:192:57 - error TS4111: 
Property 'name' comes from an index signature, so it must be accessed with 
['name'].

192       sensorName: String(raw.sensorName ?? nestedSensor.name ?? raw.name 
?? raw.sensorCode ?? ''),
                                                            ~~~~


Error: src/app/core/services/predictive-api.service.ts:192:69 - error TS4111: 
Property 'name' comes from an index signature, so it must be accessed with 
['name'].

192       sensorName: String(raw.sensorName ?? nestedSensor.name ?? raw.name 
?? raw.sensorCode ?? ''),
                                                                        ~~~~


Error: src/app/core/services/predictive-api.service.ts:192:81 - error TS4111: 
Property 'sensorCode' comes from an index signature, so it must be accessed 
with ['sensorCode'].

192       sensorName: String(raw.sensorName ?? nestedSensor.name ?? raw.name 
?? raw.sensorCode ?? ''),
                                                                               
     ~~~~~~~~~~


Error: src/app/core/services/predictive-api.service.ts:193:30 - error TS4111: 
Property 'sensorType' comes from an index signature, so it must be accessed 
with ['sensorType'].

193       sensorType: String(raw.sensorType ?? nestedSensor.sensorType ?? 
raw.type ?? ''),
                                 ~~~~~~~~~~


Error: src/app/core/services/predictive-api.service.ts:193:57 - error TS4111: 
Property 'sensorType' comes from an index signature, so it must be accessed 
with ['sensorType'].

193       sensorType: String(raw.sensorType ?? nestedSensor.sensorType ?? 
raw.type ?? ''),
                                                            ~~~~~~~~~~


Error: src/app/core/services/predictive-api.service.ts:193:75 - error TS4111: 
Property 'type' comes from an index signature, so it must be accessed with 
['type'].

193       sensorType: String(raw.sensorType ?? nestedSensor.sensorType ?? 
raw.type ?? ''),
                                                                              
~~~~


Error: src/app/core/services/predictive-api.service.ts:195:24 - error TS4111: 
Property 'unit' comes from an index signature, so it must be accessed with 
['unit'].

195       unit: String(raw.unit ?? nestedSensor.unit ?? ''),
                           ~~~~


Error: src/app/core/services/predictive-api.service.ts:195:45 - error TS4111: 
Property 'unit' comes from an index signature, so it must be accessed with 
['unit'].

195       unit: String(raw.unit ?? nestedSensor.unit ?? ''),
                                                ~~~~


Error: 
src/app/pages/predictive-dashboard/predictive-dashboard.component.spec.ts:37:5 
- error TS2322: Type 'BehaviorSubject<{ id: string; name: string; 
serialNumber: string; model: string; manufacturer: string; location: string; 
status: string; }[]>' is not assignable to type 'Observable<Machine[]> & 
BehaviorSubject<any[]>'.
  Type 'BehaviorSubject<{ id: string; name: string; serialNumber: string; 
model: string; manufacturer: string; location: string; status: string; }[]>' 
is not assignable to type 'Observable<Machine[]>'.
    Types of property 'operator' are incompatible.
      Type 'Operator<any, { id: string; name: string; serialNumber: string; 
model: string; manufacturer: string; location: string; status: string; }[]> | 
undefined' is not assignable to type 'Operator<any, Machine[]> | undefined'.
        Type 'Operator<any, { id: string; name: string; serialNumber: string; 
model: string; manufacturer: string; location: string; status: string; }[]>' 
is not assignable to type 'Operator<any, Machine[]>'.
          Type '{ id: string; name: string; serialNumber: string; model: 
string; manufacturer: string; location: string; status: string; }[]' is not 
assignable to type 'Machine[]'.
            Type '{ id: string; name: string; serialNumber: string; model: 
string; manufacturer: string; location: string; status: string; }' is not 
assignable to type 'Machine'.
              Types of property 'status' are incompatible.
                Type 'string' is not assignable to type '"OPERATIONAL" | 
"MAINTENANCE" | "OFFLINE" | "DECOMMISSIONED"'.

37     equipmentService.machines$ = new BehaviorSubject([
       ~~~~~~~~~~~~~~~~~~~~~~~~~~


Error: src/app/pages/predictive-dashboard/predictive-dashboard.component.spec.t
s:129:7 - error TS2345: Argument of type 'Observable<{ content: { id: number; 
machineId: number; title: string; severity: "WARNING"; status: "NEW"; 
category: "PREDICTION"; viewed: false; createdDate: string; }[]; 
totalElements: number; totalPages: number; number: number; size: number; }>' 
is not assignable to parameter of type 'Observable<Page<AlertResponse>>'.
  Type '{ content: { id: number; machineId: number; title: string; severity: 
"WARNING"; status: "NEW"; category: "PREDICTION"; viewed: false; createdDate: 
string; }[]; totalElements: number; totalPages: number; number: number; size: 
number; }' is not assignable to type 'Page<AlertResponse>'.
    Types of property 'content' are incompatible.
      Type '{ id: number; machineId: number; title: string; severity: 
"WARNING"; status: "NEW"; category: "PREDICTION"; viewed: false; createdDate: 
string; }[]' is not assignable to type 'AlertResponse[]'.
        Type '{ id: number; machineId: number; title: string; severity: 
"WARNING"; status: "NEW"; category: "PREDICTION"; viewed: false; createdDate: 
string; }' is not assignable to type 'AlertResponse'.
          Types of property 'severity' are incompatible.
            Type '"WARNING"' is not assignable to type 'AlertSeverity'.

129       of({
          ~~~~
130         content: [
    ~~~~~~~~~~~~~~~~~~
... 
145         size: 20,
    ~~~~~~~~~~~~~~~~~
146       })
    ~~~~~~~~


Error: src/app/pages/predictive-dashboard/predictive-dashboard.component.spec.t
s:225:12 - error TS18048: 'lastReportQuery' is possibly 'undefined'.

225     expect(lastReportQuery.machineId).toBe(1);
               ~~~~~~~~~~~~~~~


Error: src/app/pages/predictive-dashboard/predictive-dashboard.component.spec.t
s:226:12 - error TS18048: 'lastSensorQuery' is possibly 'undefined'.

226     expect(lastSensorQuery.machineId).toBe(1);
               ~~~~~~~~~~~~~~~



09 04 2026 16:23:43.418:INFO [karma-server]: Karma v6.4.4 server started at http://localhost:9876/
09 04 2026 16:23:43.419:INFO [launcher]: Launching browsers ChromeHeadless with concurrency unlimited
09 04 2026 16:23:43.420:ERROR [karma-server]: Error: Found 1 load error
    at Server.<anonymous> (C:\Users\fadia\Desktop\Azizz\ggg\node_modules\karma\lib\server.js:243:26)
    at Object.onceWrapper (node:events:638:28)
    at Server.emit (node:events:536:35)
    at emitListeningNT (node:net:1951:10)
    at process.processTicksAndRejections (node:internal/process/task_queues:81:21)
Ô£ö Browser application bundle generation complete.
Ô£ö Browser application bundle generation complete.
